// Jest Snapshot v1, https://goo.gl/fbAQLP

exports[`Pruebas para <BalanceCard /> Debe de mostrarse correctamente 1`] = `
<div
  className="BalanceCard"
>
  <h2>
    Balance:
  </h2>
  <p
    className="Number"
  >
     
    20
    â‚¬
  </p>
</div>
`;
